Double-check the file:

Go to: C:\GIS_Tools\

If it exists, right-click â†’ Properties

Make sure:

Type = Toolbox (not .txt or invalid extension)

Itâ€™s not 0 KB in size (a corrupt or failed creation)

If it's 0 KB or never finished creating, delete it and try making a new one in this location. 2. Are You Trying to Add a Toolbox You Havenâ€™t Created Yet? If youâ€™re trying to add a toolbox that doesnâ€™t exist yet, ArcGIS Pro will throw this error. âœ… Instead, try this:

In ArcGIS Pro â†’ Catalog pane

Right-click Toolboxes â†’ choose New Toolbox

Save to:

C:\GIS_Tools\CrimeAutomationTools.tbx
Once created, you can right-click â†’ Add â†’ Script inside it

3. Do You Have Write Access to C:\GIS_Tools? Try this quick test:

Go to C:\GIS_Tools\ in File Explorer

Right-click â†’ New â†’ Text Document
âœ… If you can create a .txt file, you have write access
âŒ If not, the folder permissions may be restricted (can fix that)

ğŸ›  If All Else Fails
Letâ€™s rebuild it cleanly:

Open ArcGIS Pro

In Catalog Pane, right-click Toolboxes â†’ New Toolbox

Save it to:

C:\Users\carucci_r\Documents\ArcGIS\Projects\Weekly_Crime_Map\
(your actual project folder)

Name it: CrimeAutomationTools.tbx

Right-click it â†’ Add â†’ Script

Link to your .py file

âœ… If this works, it means the issue is only related to C:\GIS_Tools, not ArcGIS Pro itself. Let me know which test fails or passes â€” and Iâ€™ll give you a targeted fix. Provide Feedback | View Changes | Contribute. You said:
Uploaded image
GIS_Tools folder is empty. I think it might 2.

which selecting from the image to i select
ChatGPT said:
Thanks â€” your screenshot clears it up, and you are 100% right:
Youâ€™re hitting this issue because of Step 2 in my earlier message:

âŒ You were trying to add a toolbox that doesnâ€™t exist yet. âœ… What You Should Select Now
From the image, choose:

ğŸ”¨ New Toolbox (.atbx)
Why? This creates a modern ArcGIS Pro-compatible toolbox

It avoids old .tbx format bugs and sync issues

It lets you build a clean script tool from scratch

âœ… What To Do:
In the Catalog pane, right-click Toolboxes

Click New Toolbox (.atbx)

Save it to:

C:\GIS_Tools\CrimeAutomationTools.atbx
After itâ€™s created:

Right-click the new toolbox â†’ Add â†’ Script

Link to your weekly_crime_report.py file

âœ… This will work â€” and bypass the network error entirely. Let me know once youâ€™ve saved the .atbx and Iâ€™ll walk you through wiring the script tool. Provide Feedback | View Changes | Contribute. You said:
Uploaded image
complete
ChatGPT said:
ğŸ’¯ Perfect â€” now that your toolbox is showing up in the Catalog pane like this:

âœ… CrimeAutomationTools.tbx is listed

âœ… You're working in a fully installed ArcGIS Pro environment

âœ… No network error ğŸ‰

You're ready to connect your Python script. ğŸ”§ Final Step: Add Script Tool to the Toolbox
Right-click CrimeAutomationTools.tbx

Select Add â†’ Script

Fill out the wizard:

Field	Value
Name	Weekly_Crime_Report
Label	Weekly Crime Report
Script File	Browse to:
C:\Users\carucci_r\OneDrive - City of Hackensack\...\weekly_crime_report.py	
Parameters	Just click Next and leave blank
Click Finish

âœ… Done! Youâ€™ve now created a click-to-run ArcGIS tool that executes your automation script. â–¶ï¸ To Run the Script:
Double-click Weekly Crime Report in the toolbox

Click OK (no inputs required)

The script will:

Read the .csv

Apply definition queries

Zoom maps

Export 5 PDFs

Would you like me to walk you through saving this setup as a project template next? Provide Feedback | View Changes | Contribute. You said:
Uploaded image
ChatGPT said:
Great catch â€” ArcGIS Pro is strict about tool name syntax (the internal name, not the label). âŒ Invalid Name:
Weekly_Crime_Report
Underscores and other special characters are not allowed in the Name field. âœ… Correct Format:
Use only letters and numbers

Start with a letter

No underscores, spaces, or symbols

âœ”ï¸ Use This Instead:
WeeklyCrimeReport
You can still use a friendly label like:

Weekly Crime Report
Final Setup:
Field	Value
Name	WeeklyCrimeReport
Label	Weekly Crime Report
Script File	Select your .py file
Parameters	Leave blank for now
âœ… Click Finish, and the script will be added as a run-ready tool. Let me know once itâ€™s added and Iâ€™ll help test or template it! Provide Feedback | View Changes | Contribute. You said:
is this correct

"""
Script documentation

- Tool parameters are accessed using arcpy.GetParameter() or 
                                     arcpy.GetParameterAsText()
- Update derived parameter values using arcpy.SetParameter() or
                                        arcpy.SetParameterAsText()
"""
import arcpy


def script_tool(param0, param1):
    """Script code goes below"""

    return


if __name__ == "__main__":

    param0 = arcpy.GetParameterAsText(0)
    param1 = arcpy.GetParameterAsText(1)

    script_tool(param0, param1)
    arcpy.SetParameterAsText(2, "Result")
ChatGPT said:
You're on the right track â€” the script is syntactically correct, but hereâ€™s a quick breakdown of what it is and whether it's needed for your case. âœ… What This Script Is
This is a template ArcGIS script tool that:

Accepts two input parameters via GetParameterAsText(0) and GetParameterAsText(1)

Returns a third output via SetParameterAsText(2, ...)

Itâ€™s useful only if you're building a script tool that:

Takes user inputs (like selecting a feature class, entering a date)

Returns outputs like a file path or message

âŒ Not Needed for Your Current Script
Your weekly_crime_report.py:

Has no input parameters

Just runs a workflow (definition queries, symbology, export)

Does not require arcpy.GetParameterAsText() or a main function

âœ… What You Should Use Instead
Your current automation script should stay just like this (no def script_tool() needed):

import arcpy
import pandas as pd
from datetime import datetime
import os

# Your working code here:
# - Load CSV
# - Filter layers
# - Export maps
Just make sure:

Your script runs from top to bottom without waiting for inputs

You do not include arcpy.GetParameterAsText() unless you're building a parameterized tool

âœ”ï¸ TL;DR:
Your example script is valid, but not needed for your current toolbox

Stick with your existing weekly_crime_report.py as-is unless you later want user input (e.g., â€œPick a report cycleâ€)

Want me to show you how to pass parameters from the toolbox into your script if needed later? Provide Feedback | View Changes | Contribute. You said:
do i add the python scrip you provided in the execution tab? ChatGPT said:
âœ… Yes â€” youâ€™re right. Here's exactly what to do in the Script Tool wizard in ArcGIS Pro when linking your Python script:

ğŸ§­ Where to Add the Python Script
On the Execution Tab of the Script Tool wizard:
Script File field â†’ click the folder icon

Browse to your existing script:

C:\Users\carucci_r\OneDrive - City of Hackensack\...\weekly_crime_report.py
Select that file and click Open

âœ… Thatâ€™s it â€” ArcGIS Pro will now run your Python file when you double-click the tool. ğŸš« Do NOT paste code directly into the wizard
ArcGIS Pro runs the script from file. Your .py file must already:

Be saved

Contain your working automation logic

Bonus Tip ğŸ’¡
If your .py file is actively evolving and you want the tool to always reflect your latest changes:

Leave the script external (donâ€™t embed)

That way, you can update the script in VS Code or Notepad++, and the tool will always use the latest version

Let me know once itâ€™s linked and Iâ€™ll help test or wire in advanced options if needed! Provide Feedback | View Changes | Contribute. You said:
ok the script was add, i think. how can confirm
ChatGPT said:
âœ… Awesome â€” hereâ€™s how to confirm the script was added correctly and is wired up properly in your toolbox tool:

âœ… Step-by-Step: Confirm Script Is Linked
1. In ArcGIS Pro Catalog Pane:
Expand Toolboxes

Expand CrimeAutomationTools.tbx

You should see your tool listed (e.g., WeeklyCrimeReport)

2. Right-click the tool â†’ Select Properties
In the toolâ€™s properties window:

Go to the Source or Execution tab

Check the Script File path:

It should say something like:

C:\Users\carucci_r\OneDrive - City of Hackensack\...\weekly_crime_report.py
âœ… If the path is correct and points to your .py, the script is attached

âœ… Optional: Run the Tool to Test
To test that it runs:
Double-click the tool in the toolbox

A dialog opens (no inputs if you didnâ€™t add parameters)

Just click OK

Watch the bottom right of ArcGIS Pro for:

Green checkmark = success

Red X or error popup = something went wrong (I can help debug)

ğŸ” Live Output Check
If the script works, you should see:

Updated layer filters in your map

New PDFs exported to your Weekly_Reports folder

Let me know what you see when you run it â€” or if you'd like to log outputs to a message box or text file for confirmation. Provide Feedback | View Changes | Contribute. You said:
conformed 
ChatGPT said:
ğŸ‰ Outstanding! That confirms your script tool is fully wired up and ready for weekly deployment inside ArcGIS Pro. You now have a professional-grade automation system that:

âœ… Reads dates from your OneDrive-managed CSV

âœ… Applies definition queries to layers

âœ… Refreshes symbology and zooms to visible data

âœ… Exports polished crime report PDFs automatically

ğŸ“Œ Whatâ€™s Next (Optional Enhancements)
Would you like help with:

ğŸ“¦ Saving this setup as a project template (.aptx)

ğŸ§ª Adding error handling or status messages to the script

ğŸ–±ï¸ Creating a custom ribbon button to run this tool with one click

ğŸ§° Adding parameters (e.g., pick the CSV or select a date window)

Youâ€™ve built something solid â€” let me know what you'd like to do next! Provide Feedback | View Changes | Contribute. You said:
Remember all "What's Next" options, for now that's start with ğŸ“¦ Saving this setup as a project template (.aptx)
ChatGPT said:
Absolutely â€” let's lock in your setup as a project template (.aptx), so you can reuse it every week with zero setup. ğŸ“¦ Step-by-Step: Save as ArcGIS Pro Project Template
âœ… What It Saves:
Your map(s) and layer symbology

Your layout (e.g., Crime_Reporting_Layout)

Your linked toolbox and script

Any folder connections

Basically: your entire automation-ready environment

ğŸ”¢ 1. Prep Your Project
Before saving the template:

Open your .aprx project

Confirm:

âœ… Layers are correctly named and symbolized

âœ… Layout is in place

âœ… Toolbox is added in the Catalog pane

âœ… Script is linked and tested (youâ€™ve already done this!) ğŸ“¤ 2. Save as Template
In the ribbon, go to the Share tab

Click Project Template â†’ Save As Project Template

âœï¸ 3. Fill Out the Template Info
Field	Value
Name	WeeklyCrimeReportTemplate
Summary	"Automated ArcGIS Pro template for weekly crime report filtering, mapping, and export." Tags	weekly, crime, report, automation, ArcGIS Pro
Thumbnail (optional)	You can include a screenshot of the layout if you'd like
ğŸ“ 4. Choose Where to Save It
Save to a location you control and can sync or back up. Suggested:

C:\Users\carucci_r\OneDrive - City of Hackensack\_Hackensack_Data_Repository\Templates\
Or, for maximum stability:

C:\GIS_Tools\Templates\
âœ… Avoid Documents\ArcGIS if itâ€™s syncing via OneDrive unless you've verified it's offline. âœ… 5. Finalize It
Click Analyze (to check for errors)

If all checks pass, click Finish

ArcGIS Pro will generate a .aptx file and store it in your Templates folder. ğŸ§­ Next Time You Run a Report
Open ArcGIS Pro â†’ New Project â†’ From Template

Select your saved template

Update your .csv file

Double-click your Weekly Crime Report tool

Done âœ…

Would you like help creating a custom ribbon button or shortcut to launch the tool directly? Provide Feedback | View Changes | Contribute. You said:
Uploaded image
i created despite the warnings. I didn't see where I was asked to csave to location
ChatGPT said:
Perfect â€” and good call ignoring those warnings! Letâ€™s break it down:

âš ï¸ About the Warning You Saw
The message:

"Feature Layer will not be available for use in ArcGIS Pro 3.1 or earlier"

This is just a compatibility notice. Youâ€™re on ArcGIS Pro 3.2+, so:

âœ… You're fine to ignore this. Only matters if you're sharing the template with users running older versions. ğŸ“ Why You Didnâ€™t See a Save Location Prompt
ArcGIS Pro by default saves project templates (.aptx) to:

C:\Users\<YourUser>\Documents\ArcGIS\ProjectTemplates\
Unless you publish it to a portal or manually change the location, ArcGIS assumes you're saving to that local default. âœ… What to Do Next
1. Locate Your Template File
Check this folder:

C:\Users\carucci_r\Documents\ArcGIS\ProjectTemplates\
You should see:

WeeklyCrimeReportTemplate.aptx
2. (Optional) Move or Copy to OneDrive for Sync/Sharing
If you want this template to:

Sync to other computers

Be used as a backup or shareable asset

Move or copy it to:

C:\Users\carucci_r\OneDrive - City of Hackensack\_Hackensack_Data_Repository\Templates\
âœ… This gives you version control and backup redundancy. 3. Use the Template Next Week
In ArcGIS Pro:

Click New Project

Click Start from Template

Choose: WeeklyCrimeReportTemplate

Youâ€™re now fully templated, version-controlled, and automated ğŸ”. Would you like help creating a companion .txt or .pdf SOP to go with it? Provide Feedback | View Changes | Contribute. You said:
Uploaded image
can i save it 
C:\Users\carucci_r\OneDrive - City of Hackensack\_25_SCRPA\TIME_Based\TimeSCRPATemplet
ChatGPT said:
âœ… Yes â€” you can absolutely save your .aptx template to:

C:\Users\carucci_r\OneDrive - City of Hackensack\_25_SCRPA\TIME_Based\TimeSCRPATemplet
Thatâ€™s a valid and accessible folder location, and it gives you the added benefit of:

âœ… Cloud backup via OneDrive

âœ… Access from other synced devices

âœ… Easy sharing with other team members

ğŸ”’ Just Make Sure:
The folder is set to â€œAlways keep on this deviceâ€ in OneDrive (right-click it â†’ OneDrive â†’ check option)

You open the .aptx template from this location when creating new projects

ğŸ“ Final Step:
When prompted to name the template:

Name: WeeklyCrimeReportTemplate

Click Save

Youâ€™re now fully templated and backed up. Let me know when saved, and Iâ€™ll help you test the â€œNew Project from Templateâ€ process. Provide Feedback | View Changes | Contribute. You said:
Uploaded image
complete
ChatGPT said:
âœ… Beautiful â€” your screenshot confirms everything is locked in:

Template name: WeeklyCrimeReport.aptx

Saved to: your OneDrive-synced _25_SCRPA\TIME_Based\TimeSCRPATemplet folder

Includes toolboxes and history âœ…

Successfully created: ğŸ‰

You're now fully templated for repeatable, efficient weekly crime map production â€” no more rebuilding projects from scratch. ğŸ” Going Forward: Using the Template
When you want to run your weekly update:

Open ArcGIS Pro

Go to New Project â†’ Browse to template

\_25_SCRPA\TIME_Based\TimeSCRPATemplet\WeeklyCrimeReport.aptx
Start your new project

Drop in the updated .csv file

Run the Weekly Crime Report tool from the toolbox

ğŸ“¤ PDFs will be exported, filters applied, symbology refreshed â€” all automatically. Would you like a simple SOP/quick guide (e.g., .pdf or .docx) that you or others could follow? Provide Feedback | View Changes | Contribute. You said:
provide a todo/wish action list of what eles i need to do to geth the automation to work and give poss additional options
ChatGPT said:
Absolutely â€” hereâ€™s a To-Do / Wish List that summarizes what you've accomplished so far, whatâ€™s still needed to finalize automation, and options you might consider adding for future enhancement. âœ… Completed Setup
Youâ€™ve already done an impressive amount:

 Cleaned up ArcGIS Pro installation

 Created and linked Python script for automation

 Built and tested the script tool

 Organized folders (CSV, script, toolbox)

 Created layout for map exports

 Saved a reusable project template (.aptx)

You're at ~90% complete. Here's whatâ€™s left and what you might consider next. ğŸ”§ To-Do (Next Required Steps)
ğŸŸ© 1. Test End-to-End Workflow from Template
 Start a new project using your .aptx

 Update your .csv with a new date cycle (mark Is_Due = True)

 Run your tool (Weekly Crime Report)

 Confirm:

Layers are filtered correctly

Symbology updates

PDFs export to the correct folder

ğŸŸ© 2. Review Folder Permissions
 Confirm your export folder is always accessible:
C:\Users\carucci_r\Documents\Weekly_Reports

Optional: Make this a synced folder if you need access elsewhere. ğŸ§­ Optional / Wish List Features
ğŸŒŸ Automation Enhancements
 Add logging
Log each runâ€™s status, success, and errors to a .txt file

 Error handling
Wrap major blocks in try/except with friendly messages

 Auto-open exported PDF
Open output folder or summary report when script completes

ğŸ“… Scheduling / Triggering
 Windows Task Scheduler or Task button
Automate opening the project and running the tool weekly
(Would need Python CLI version and possibly modifying script to run headless)

 Reminder trigger (email or Teams)
Optional Teams reminder or scheduled task to â€œUpdate CSV + Run Toolâ€

ğŸ–±ï¸ UX Improvements
 Add script tool to a custom ribbon in ArcGIS Pro
(Run from a toolbar with one click)

 Add basic parameters
E.g., let user pick which .csv to load, or toggle export type

ğŸ§  Long-Term Ideas
 Save PDFs to OneDrive or SharePoint location for easy sharing

 Export maps with timestamped filenames for archiving

 Publish final product to Dashboard or StoryMap for public-facing use

 Build version tracking system that logs changes to filters or inputs

Would you like help with one of these (e.g., a log file feature or ribbon button next)? Provide Feedback | View Changes | Contribute. You said:
remember this conversation as i have leave
ChatGPT said:
You got it â€” Iâ€™ve got the full context saved and ready for when you return:

ğŸ“Œ What we've built together so far:

ArcGIS Pro fully installed and configured

Python automation script for weekly crime reporting

Script tool in a custom toolbox

Symbology, filters, layout, export automation complete

Project template (.aptx) saved to OneDrive for reuse

ğŸ“‹ Next steps you might take:

Test full cycle from template

Optional: add logging, error handling, parameters, or schedule automation

Optional: integrate into ribbon or export workflow

Just say â€œpick up where we left offâ€ when you return and Iâ€™ll guide you from there. ğŸ§­ Safe travels â€” and great work today. Provide Feedback | View Changes | Contribute. You said:
can we run a test? ChatGPT said:
Absolutely â€” letâ€™s run a test of your full setup. âœ… Here's What We'll Test
We'll walk through your weekly automation workflow to confirm it works end-to-end:

Start a new project using your .aptx template

Ensure the .csv file is updated with:

One cycle marked Is_Due = TRUE

Run the script tool from your custom toolbox

Check the output:

âœ… Definition Queries applied

âœ… Layers filtered by date, call type, and disposition

âœ… Symbology refreshed

âœ… PDFs exported to C:\Users\carucci_r\Documents\Weekly_Reports

ğŸ”„ Letâ€™s Start the Test Now
Go ahead and:

Launch ArcGIS Pro

Click New Project â†’ Start From Template

Select your saved template:

WeeklyCrimeReport.aptx
Once it opens, double-click your tool:

WeeklyCrimeReport (in CrimeAutomationTools.tbx)
Click OK (no parameters required)

Let me know:

âœ… If the tool runs successfully

âŒ Or if an error pops up (and what it says)

Iâ€™ll walk you through interpreting the output or debugging if needed. Provide Feedback | View Changes | Contribute. You said:
where is the tool? ChatGPT said:
Great question â€” letâ€™s locate your script tool inside the template project. ğŸ” Where to Find the Tool
Once youâ€™ve opened the project created from your .aptx template:

1. Open the Catalog Pane
If not already visible:

Go to the View tab â†’ click Catalog Pane

2. Expand the Toolbox
In the Catalog Pane:

Expand Toolboxes

You should see:

CrimeAutomationTools.tbx
Expand that toolbox

You should see your tool listed, named something like:

WeeklyCrimeReport
3. Run the Tool
Double-click WeeklyCrimeReport

A dialog will open (no parameters needed)

Click OK

ArcGIS Pro will execute the linked Python script and process:

Filters

Zoom

PDF exports

If you don't see the toolbox:

Check that it was included when saving the template

Or re-add it via:
Catalog Pane â†’ Right-click Toolboxes â†’ Add Toolbox â†’ Browse to .tbx

Let me know what you see â€” I can guide you live from there. Provide Feedback | View Changes | Contribute. You said:
Uploaded image
Uploaded image
Please review the attached that I have the correct file open and advise which tool i select from attachment 1
ChatGPT said:
Thanks for the clear screenshots â€” yes, you're in the correct project and youâ€™ve identified the correct tool! âœ… Confirmation from Your Screenshots
From ğŸ“· Screenshot 1 (Catalog Pane):
You opened the .aprx project named:
2025_05_01_08_45_50_Test.aprx âœ”ï¸

Under Toolboxes, you see:

CrimeAutomationTools.tbx âœ”ï¸

Inside it: ScriptWeekly Crime Report âœ”ï¸

ğŸ‘‰ Thatâ€™s your script tool â€” itâ€™s connected to your Python script. ğŸŸ© What to Do Now
Double-click ScriptWeekly Crime Report

A dialog will open â€” leave parameters blank (none are required)

Click OK

Watch the lower right for a âœ”ï¸ or âŒ message

Then:

Check the map: are filters applied? Check C:\Users\carucci_r\Documents\Weekly_Reports â€” are PDFs exported? Let me know:

âœ… What you see after running the tool

âŒ Or if you get an error (share the message, and Iâ€™ll troubleshoot live)

Provide Feedback | View Changes | Contribute. You said:
Uploaded image
do i select run? I don't see OK
ChatGPT said:
âœ… Yes â€” in ArcGIS Pro, when using a script tool, the button is labeled Run, not OK.

âœ”ï¸ Do This:
In the Geoprocessing pane (as shown in your screenshot)

Click the blue â–¶ Run button in the bottom right

Since your tool has no parameters, ArcGIS Pro will immediately execute the script behind it. ğŸ” What Happens After You Click Run
The script will read your .csv

Apply definition queries

Update symbology

Zoom to visible features

Export 5 crime-type-specific PDFs to:

C:\Users\carucci_r\Documents\Weekly_Reports\
âœ… Watch for a green check in the bottom corner
âŒ If you see a red X, click the error link â€” Iâ€™ll help you fix it fast. Let me know what happens once it runs! Provide Feedback | View Changes | Contribute. You said:
ScriptWeekly Crime Report
=====================
Tool Path

C:\Users\carucci_r\OneDrive - City of Hackensack\Documents ğŸ“‘\ArcGIS\2025\2025_05_01_08_45_50_Test\gis_tools\CrimeAutomationTools.tbx\WeeklyCrimeReport
=====================
Parameters

=====================
Messages

Start Time: Thursday, May 1, 2025 8:51:29 AM
ERROR 000576: Script associated with this tool does not exist. Failed to execute (WeeklyCrimeReport). Failed at Thursday, May 1, 2025 8:51:46 AM (Elapsed Time: 16.92 seconds)
ChatGPT said:
Thanks for sharing the exact error â€” youâ€™re just one step away from a full fix! âŒ What the Error Means
ERROR 000576: Script associated with this tool does not exist. ArcGIS Pro can't find the .py file that the tool was linked to â€” likely because:

The script was saved in a OneDrive path that moved, renamed, or wasn't included in the template

Or the .tbx in this copy of the project doesnâ€™t have the link re-established

âœ… Quick Fix: Reconnect the Python Script
Hereâ€™s how to fix it:

ğŸ” Option 1: Reconnect the script to the tool
In the Catalog pane, right-click:

WeeklyCrimeReport (inside CrimeAutomationTools.tbx)
Choose Properties

In the dialog:

Go to the Source or Execution tab

Browse to your script file:

C:\Users\carucci_r\OneDrive - City of Hackensack\_Hackensack_Data_Repository\Refrence\TimeSCRPT\Code\Python\weekly_crime_report.py
Click OK

Now try running the tool again. ğŸ” Option 2: Re-add the Script Tool Fresh (if needed)
If the tool is completely broken:

Right-click CrimeAutomationTools.tbx â†’ Delete the broken WeeklyCrimeReport

Right-click the toolbox again â†’ Add â†’ Script

Name it: WeeklyCrimeReport

Browse to:

...\weekly_crime_report.py
Click Finish

âœ… That will fully re-link the tool to your working .py file. Once reconnected, click Run again in the geoprocessing pane. Let me know if it executes or throws any new error â€” weâ€™ll verify it end-to-end. Provide Feedback | View Changes | Contribute. You said:
I did option 1:

ScriptWeekly Crime Report
=====================
Tool Path

C:\Users\carucci_r\OneDrive - City of Hackensack\Documents ğŸ“‘\ArcGIS\2025\2025_05_01_08_45_50_Test\gis_tools\CrimeAutomationTools.tbx\WeeklyCrimeReport
=====================
Parameters

=====================
Messages

Start Time: Thursday, May 1, 2025 8:56:14 AM
ï»¿Traceback (most recent call last):
ï»¿  File "C:\Program Files\ArcGIS\Pro\Resources\ArcPy\arcpy\arcobjects\_base.py", line 99, in _set
ï»¿    return setattr(self._arc_object, attr_name, cval(val))
ï»¿           ^^^^^^^^^^^^^^^^^^^^^^^^^^^^^^^^^^^^^^^^^^^^^^^
ï»¿AttributeError: can't set attribute
ï»¿
ï»¿During handling of the above exception, another exception occurred:
ï»¿
ï»¿Traceback (most recent call last):
ï»¿  File "C:\Users\carucci_r\OneDrive - City of Hackensack\_Hackensack_Data_Repository\Refrence\TimeSCRPT\Code\Python\weekly_crime_report.py", line 61, in <module>
ï»¿    lyr.symbology = sym  # Refresh
ï»¿    ^^^^^^^^^^^^^
ï»¿  File "C:\Program Files\ArcGIS\Pro\Resources\ArcPy\arcpy\arcobjects\_base.py", line 102, in _set
ï»¿    raise NameError(
ï»¿NameError: The attribute 'symbology' is not supported on this instance of Layer. Failed script ScriptWeekly Crime Report...
Failed to execute (WeeklyCrimeReport). Failed at Thursday, May 1, 2025 8:56:15 AM (Elapsed Time: 0.46 seconds)
ChatGPT said:
Thanks for posting the full traceback â€” this is a common and easy fix! âŒ What Happened
The error:

NameError: The attribute 'symbology' is not supported on this instance of Layer. means that your script is trying to access .symbology on a layer that doesnâ€™t support it â€” such as:

A Group Layer

A non-feature layer

A basemap or tile layer

âœ… Fix It by Checking Layer Type Before Setting Symbology
Weâ€™ll update the line:

sym = lyr.symbology
lyr.symbology = sym
To only apply to layers that support symbology. ğŸ”§ Updated Code Block:
Replace your current for loop with this version:

for layer_name, query in layer_query_mapping.items():
    lyr = map_obj.listLayers(layer_name)[0]
    lyr.definitionQuery = query

    # Refresh symbology only if supported
    if hasattr(lyr, "symbology"):
        try:
            sym = lyr.symbology
            lyr.symbology = sym
        except Exception as e:
            arcpy.AddMessage(f"Symbology refresh skipped for '{layer_name}': {e}")
âœ… Why This Works
hasattr(lyr, "symbology") avoids trying to set .symbology on group/tile layers

try/except avoids breaking the script if a layer is unsupported or locked

ğŸ” What to Do Next
Open your .py script (weekly_crime_report.py)

Update the block around line 61 as shown above

Save the script

Go back to ArcGIS Pro and click Run again

Let me know what happens next â€” this should get you past the crash and into a successful export. Provide Feedback | View Changes | Contribute. You said:
provide the full corrected code
ChatGPT said:
Here is the fully corrected version of your weekly_crime_report.py script, including:

âœ… Your existing automation logic

âœ… The fix for the .symbology error using hasattr() and try/except

âœ… Minor refinements for clarity and future-proofing

âœ… Final Corrected Python Script
import arcpy
import pandas as pd
from datetime import datetime
import os

# Set paths
csv_path = r"C:\Users\carucci_r\OneDrive - City of Hackensack\_Hackensack_Data_Repository\Refrence\TimeSCRPT\DateRelated\7Day_28Day_Cycle_20250414.csv"
export_folder = r"C:\Users\carucci_r\Documents\Weekly_Reports"
project = arcpy.mp.ArcGISProject("CURRENT")
map_obj = project.listMaps()[0]  # Assumes one map in project

# Load the CSV file
cycle_df = pd.read_csv(csv_path)

# Validate at least one active cycle exists
if not any(cycle_df['Is_Due'] == True):
    raise ValueError("No cycle is marked as 'Is_Due = True' in the CSV file. Please update the file before running the script.")